Watching for file changes with StatReloader
Watching for file changes with StatReloader
C:\Users\srini\workspace\Novamber\Apps\mysite\myapp\views.py changed, reloading.
Watching for file changes with StatReloader
C:\Users\srini\workspace\Novamber\Apps\mysite\mysite\settings.py changed, reloading.
Watching for file changes with StatReloader
C:\Users\srini\workspace\Novamber\Apps\mysite\myapp\views.py changed, reloading.
Watching for file changes with StatReloader
C:\Users\srini\workspace\Novamber\Apps\mysite\myapp\views.py changed, reloading.
Watching for file changes with StatReloader
C:\Users\srini\workspace\Novamber\Apps\mysite\myapp\views.py changed, reloading.
Watching for file changes with StatReloader
C:\Users\srini\workspace\Novamber\Apps\mysite\myapp\views.py changed, reloading.
Watching for file changes with StatReloader
C:\Users\srini\workspace\Novamber\Apps\mysite\myapp\views.py changed, reloading.
Watching for file changes with StatReloader
C:\Users\srini\workspace\Novamber\Apps\mysite\myapp\urls.py changed, reloading.
Watching for file changes with StatReloader
C:\Users\srini\workspace\Novamber\Apps\mysite\myapp\urls.py changed, reloading.
Watching for file changes with StatReloader
Fetching all items from the database
Found 21 items
Fetching all items from the database
Found 21 items
Fetching all items from the database
Found 21 items
Fetching all items from the database
Found 21 items
C:\Users\srini\workspace\Novamber\Apps\mysite\myapp\urls.py changed, reloading.
Watching for file changes with StatReloader
C:\Users\srini\workspace\Novamber\Apps\mysite\myapp\urls.py changed, reloading.
Watching for file changes with StatReloader
C:\Users\srini\workspace\Novamber\Apps\mysite\myapp\views.py changed, reloading.
Watching for file changes with StatReloader
C:\Users\srini\workspace\Novamber\Apps\mysite\myapp\views.py changed, reloading.
Watching for file changes with StatReloader
C:\Users\srini\workspace\Novamber\Apps\mysite\myapp\views.py changed, reloading.
Watching for file changes with StatReloader
C:\Users\srini\workspace\Novamber\Apps\mysite\myapp\views.py changed, reloading.
Watching for file changes with StatReloader
C:\Users\srini\workspace\Novamber\Apps\mysite\myapp\views.py changed, reloading.
Watching for file changes with StatReloader
C:\Users\srini\workspace\Novamber\Apps\mysite\myapp\views.py changed, reloading.
Watching for file changes with StatReloader
C:\Users\srini\workspace\Novamber\Apps\mysite\myapp\views.py changed, reloading.
Watching for file changes with StatReloader
C:\Users\srini\workspace\Novamber\Apps\mysite\myapp\views.py changed, reloading.
Watching for file changes with StatReloader
C:\Users\srini\workspace\Novamber\Apps\mysite\myapp\views.py changed, reloading.
Watching for file changes with StatReloader
C:\Users\srini\workspace\Novamber\Apps\mysite\myapp\views.py changed, reloading.
Watching for file changes with StatReloader
C:\Users\srini\workspace\Novamber\Apps\mysite\myapp\views.py changed, reloading.
Watching for file changes with StatReloader
C:\Users\srini\workspace\Novamber\Apps\mysite\myapp\views.py changed, reloading.
Watching for file changes with StatReloader
C:\Users\srini\workspace\Novamber\Apps\mysite\myapp\views.py changed, reloading.
Watching for file changes with StatReloader
C:\Users\srini\workspace\Novamber\Apps\mysite\myapp\views.py changed, reloading.
Watching for file changes with StatReloader
C:\Users\srini\workspace\Novamber\Apps\mysite\myapp\views.py changed, reloading.
Watching for file changes with StatReloader
C:\Users\srini\workspace\Novamber\Apps\mysite\myapp\views.py changed, reloading.
Watching for file changes with StatReloader
Fetching all items from the database
User [2025-12-14T12:35:52.059606+00:00] admin requested item list from 127.0.0.1
Found 21 items
Fetching all items from the database
User [2025-12-18T11:37:24.501723+00:00] admin requested item list from 127.0.0.1
Found 21 items
